******************************************************************************
                  MSP430 Linker Unix v18.1.0                   
******************************************************************************
>> Linked Sun Apr 15 22:46:11 2018

OUTPUT FILE NAME:   <MyTouch.out>
ENTRY POINT SYMBOL: "_c_int00_noargs"  address: 0000ccce


MEMORY CONFIGURATION

         name            origin    length      used     unused   attr    fill
----------------------  --------  ---------  --------  --------  ----  --------
  SFR                   00000000   00000010  00000000  00000010  RWIX
  PERIPHERALS_8BIT      00000010   000000f0  00000000  000000f0  RWIX
  PERIPHERALS_16BIT     00000100   00000100  00000000  00000100  RWIX
  RAM                   00000200   00000200  000001c8  00000038  RWIX
  INFOD                 00001000   00000040  00000000  00000040  RWIX
  INFOC                 00001040   00000040  00000000  00000040  RWIX
  INFOB                 00001080   00000040  00000000  00000040  RWIX
  INFOA                 000010c0   00000040  00000000  00000040  RWIX
  FLASH                 0000c000   00003fde  00000edc  00003102  RWIX
  BSLSIGNATURE          0000ffde   00000002  00000002  00000000  RWIX  ffff 
  INT00                 0000ffe0   00000002  00000002  00000000  RWIX
  INT01                 0000ffe2   00000002  00000000  00000002  RWIX
  INT02                 0000ffe4   00000002  00000002  00000000  RWIX
  INT03                 0000ffe6   00000002  00000002  00000000  RWIX
  INT04                 0000ffe8   00000002  00000000  00000002  RWIX
  INT05                 0000ffea   00000002  00000002  00000000  RWIX
  INT06                 0000ffec   00000002  00000002  00000000  RWIX
  INT07                 0000ffee   00000002  00000002  00000000  RWIX
  INT08                 0000fff0   00000002  00000002  00000000  RWIX
  INT09                 0000fff2   00000002  00000002  00000000  RWIX
  INT10                 0000fff4   00000002  00000002  00000000  RWIX
  INT11                 0000fff6   00000002  00000002  00000000  RWIX
  INT12                 0000fff8   00000002  00000002  00000000  RWIX
  INT13                 0000fffa   00000002  00000002  00000000  RWIX
  INT14                 0000fffc   00000002  00000002  00000000  RWIX
  RESET                 0000fffe   00000002  00000002  00000000  RWIX


SECTION ALLOCATION MAP

 output                                  attributes/
section   page    origin      length       input sections
--------  ----  ----------  ----------   ----------------
.data      0    00000200    00000106     UNINITIALIZED
                  00000200    000000ff     main.obj (.data:i2c_regmap)
                  000002ff    00000001     --HOLE--
                  00000300    00000004     main.obj (.data)
                  00000304    00000002     CTS_Layer.obj (.data)

.bss       0    00000306    00000072     UNINITIALIZED
                  00000306    00000040     (.common:baseCnt)
                  00000346    00000020     (.common:measCnt)
                  00000366    00000012     (.common:plane_val)

.stack     0    000003b0    00000050     UNINITIALIZED
                  000003b0    00000002     rts430_eabi.lib : boot.c.obj (.stack)
                  000003b2    0000004e     --HOLE--

.text      0    0000c000    00000dba     
                  0000c000    0000040c     CTS_Layer.obj (.text:TI_CAPT_Custom)
                  0000c40c    000001be     CTS_Layer.obj (.text:TI_CAPT_Slider)
                  0000c5ca    000001be     CTS_Layer.obj (.text:TI_CAPT_Wheel)
                  0000c788    00000128     CTS_HAL.obj (.text:TI_CTS_RO_PINOSC_TA0_WDTp_HAL)
                  0000c8b0    00000124     main.obj (.text:main)
                  0000c9d4    000000d0     CTS_Layer.obj (.text:Dominant_Element)
                  0000caa4    0000007c     rts430_eabi.lib : copy_decompress_lzss.c.obj (.text:decompress:lzss:__TI_decompress_lzss)
                  0000cb20    00000062     CTS_Layer.obj (.text:TI_CAPT_Update_Baseline)
                  0000cb82    0000004c     rts430_eabi.lib : lsr16.asm.obj (.text)
                  0000cbce    00000042                     : autoinit.c.obj (.text:__TI_auto_init_nobinit_nopinit:__TI_auto_init_nobinit_nopinit)
                  0000cc10    00000034     main.obj (.text:config_i2c_slave)
                  0000cc44    00000032     main.obj (.text:USCIAB0TX_ISR)
                  0000cc76    0000002c     main.obj (.text:USCIAB0RX_ISR)
                  0000cca2    0000002c     rts430_eabi.lib : lsl16.asm.obj (.text)
                  0000ccce    0000001c                     : boot.c.obj (.text:_c_int00_noargs)
                  0000ccea    00000016                     : div16u.asm.obj (.text)
                  0000cd00    00000016     main.obj (.text:sleep)
                  0000cd16    00000014     rts430_eabi.lib : copy_zero_init.c.obj (.text:decompress:ZI:__TI_zero_init_nomemset:__TI_zero_init_nomemset)
                  0000cd2a    00000014                     : mult16.asm.obj (.text)
                  0000cd3e    00000012                     : copy_decompress_none.c.obj (.text:decompress:none:__TI_decompress_none)
                  0000cd50    00000012                     : memcpy.c.obj (.text:memcpy)
                  0000cd62    00000010     CTS_Layer.obj (.text:TI_CAPT_Init_Baseline)
                  0000cd72    00000010     rts430_eabi.lib : epilog.asm.obj (.text)
                  0000cd82    0000000e     CTS_Layer.obj (.text:TI_CAPT_Raw)
                  0000cd90    0000000e     main.obj (.text:set_i2c_reg)
                  0000cd9e    00000008     rts430_eabi.lib : isr_trap.asm.obj (.text:_isr:__TI_ISR_TRAP)
                  0000cda6    00000008     CTS_HAL.obj (.text:watchdog_timer)
                  0000cdae    00000006     rts430_eabi.lib : exit.c.obj (.text:abort)
                  0000cdb4    00000004                     : pre_init.c.obj (.text:_system_pre_init)
                  0000cdb8    00000002                     : startup.c.obj (.text:_system_post_cinit)

.const     0    0000cdba    00000102     
                  0000cdba    0000002a     structure.obj (.const:horisontal_slider)
                  0000cde4    0000002a     structure.obj (.const:plane)
                  0000ce0e    0000002a     structure.obj (.const:vertical_slider)
                  0000ce38    0000002a     structure.obj (.const:wheel)
                  0000ce62    0000000a     structure.obj (.const:element_1)
                  0000ce6c    0000000a     structure.obj (.const:element_2)
                  0000ce76    0000000a     structure.obj (.const:element_3)
                  0000ce80    0000000a     structure.obj (.const:element_4)
                  0000ce8a    0000000a     structure.obj (.const:element_5)
                  0000ce94    0000000a     structure.obj (.const:element_6)
                  0000ce9e    0000000a     structure.obj (.const:element_7)
                  0000cea8    0000000a     structure.obj (.const:element_8)
                  0000ceb2    0000000a     structure.obj (.const:element_9)

.cinit     0    0000cebc    00000020     
                  0000cebc    0000000d     (.cinit..data.load) [load image, compression = lzss]
                  0000cec9    00000001     --HOLE-- [fill = 0]
                  0000ceca    00000006     (__TI_handler_table)
                  0000ced0    00000004     (.cinit..bss.load) [load image, compression = zero_init]
                  0000ced4    00000008     (__TI_cinit_table)

.binit     0    0000c000    00000000     

.init_array 
*          0    0000c000    00000000     UNINITIALIZED

TRAPINT    0    0000ffe0    00000002     
                  0000ffe0    00000002     rts430_eabi.lib : int00.asm.obj (.int00)

PORT1      0    0000ffe4    00000002     
                  0000ffe4    00000002     rts430_eabi.lib : int02.asm.obj (.int02)

PORT2      0    0000ffe6    00000002     
                  0000ffe6    00000002     rts430_eabi.lib : int03.asm.obj (.int03)

ADC10      0    0000ffea    00000002     
                  0000ffea    00000002     rts430_eabi.lib : int05.asm.obj (.int05)

USCIAB0TX 
*          0    0000ffec    00000002     
                  0000ffec    00000002     main.obj (.int06)

USCIAB0RX 
*          0    0000ffee    00000002     
                  0000ffee    00000002     main.obj (.int07)

TIMER0_A1 
*          0    0000fff0    00000002     
                  0000fff0    00000002     rts430_eabi.lib : int08.asm.obj (.int08)

TIMER0_A0 
*          0    0000fff2    00000002     
                  0000fff2    00000002     rts430_eabi.lib : int09.asm.obj (.int09)

WDT        0    0000fff4    00000002     
                  0000fff4    00000002     CTS_HAL.obj (.int10)

COMPARATORA 
*          0    0000fff6    00000002     
                  0000fff6    00000002     rts430_eabi.lib : int11.asm.obj (.int11)

TIMER1_A1 
*          0    0000fff8    00000002     
                  0000fff8    00000002     rts430_eabi.lib : int12.asm.obj (.int12)

TIMER1_A0 
*          0    0000fffa    00000002     
                  0000fffa    00000002     rts430_eabi.lib : int13.asm.obj (.int13)

NMI        0    0000fffc    00000002     
                  0000fffc    00000002     rts430_eabi.lib : int14.asm.obj (.int14)

.reset     0    0000fffe    00000002     
                  0000fffe    00000002     rts430_eabi.lib : boot.c.obj (.reset)

$fill000   0    0000ffde    00000002     
                  0000ffde    00000002     --HOLE-- [fill = ffff]

MODULE SUMMARY

       Module                       code   ro data   rw data
       ------                       ----   -------   -------
    ./
       main.obj                     474    4         277    
       structure.obj                0      258       0      
    +--+----------------------------+------+---------+---------+
       Total:                       474    262       277    
                                                            
    ./Library/
       CTS_Layer.obj                2264   0         98     
       CTS_HAL.obj                  304    2         0      
    +--+----------------------------+------+---------+---------+
       Total:                       2568   2         98     
                                                            
    /home/sanchox/ti/ccsv7/tools/compiler/ti-cgt-msp430_18.1.0.LTS/lib/rts430_eabi.lib
       copy_decompress_lzss.c.obj   124    0         0      
       lsr16.asm.obj                76     0         0      
       autoinit.c.obj               66     0         0      
       lsl16.asm.obj                44     0         0      
       boot.c.obj                   28     2         0      
       div16u.asm.obj               22     0         0      
       copy_zero_init.c.obj         20     0         0      
       mult16.asm.obj               20     0         0      
       copy_decompress_none.c.obj   18     0         0      
       memcpy.c.obj                 18     0         0      
       epilog.asm.obj               16     0         0      
       isr_trap.asm.obj             8      0         0      
       exit.c.obj                   6      0         0      
       pre_init.c.obj               4      0         0      
       int00.asm.obj                0      2         0      
       int02.asm.obj                0      2         0      
       int03.asm.obj                0      2         0      
       int05.asm.obj                0      2         0      
       int08.asm.obj                0      2         0      
       int09.asm.obj                0      2         0      
       int11.asm.obj                0      2         0      
       int12.asm.obj                0      2         0      
       int13.asm.obj                0      2         0      
       int14.asm.obj                0      2         0      
       startup.c.obj                2      0         0      
    +--+----------------------------+------+---------+---------+
       Total:                       472    22        0      
                                                            
       Stack:                       0      0         80     
       Linker Generated:            0      31        0      
    +--+----------------------------+------+---------+---------+
       Grand Total:                 3514   317       455    


LINKER GENERATED COPY TABLES

__TI_cinit_table @ 0000ced4 records: 2, size/record: 4, table size: 8
	.data: load addr=0000cebc, load size=0000000d bytes, run addr=00000200, run size=00000106 bytes, compression=lzss
	.bss: load addr=0000ced0, load size=00000004 bytes, run addr=00000306, run size=00000072 bytes, compression=zero_init


LINKER GENERATED HANDLER TABLE

__TI_handler_table @ 0000ceca records: 3, size/record: 2, table size: 6
	index: 0, handler: __TI_zero_init
	index: 1, handler: __TI_decompress_lzss
	index: 2, handler: __TI_decompress_none


GLOBAL SYMBOLS: SORTED ALPHABETICALLY BY Name 

address   name                          
-------   ----                          
0000004a  ADC10AE0                      
000001b0  ADC10CTL0                     
000001b2  ADC10CTL1                     
00000048  ADC10DTC0                     
00000049  ADC10DTC1                     
000001b4  ADC10MEM                      
000001bc  ADC10SA                       
00000057  BCSCTL1                       
00000058  BCSCTL2                       
00000053  BCSCTL3                       
0000cdae  C$$EXIT                       
00000059  CACTL1                        
0000005a  CACTL2                        
000010fb  CALBC1_12MHZ                  
000010f9  CALBC1_16MHZ                  
000010ff  CALBC1_1MHZ                   
000010fd  CALBC1_8MHZ                   
000010fa  CALDCO_12MHZ                  
000010f8  CALDCO_16MHZ                  
000010fe  CALDCO_1MHZ                   
000010fc  CALDCO_8MHZ                   
0000005b  CAPD                          
00000056  DCOCTL                        
0000c9d4  Dominant_Element              
00000128  FCTL1                         
0000012a  FCTL2                         
0000012c  FCTL3                         
00000000  IE1                           
00000001  IE2                           
00000002  IFG1                          
00000003  IFG2                          
00000022  P1DIR                         
00000025  P1IE                          
00000024  P1IES                         
00000023  P1IFG                         
00000020  P1IN                          
00000021  P1OUT                         
00000027  P1REN                         
00000026  P1SEL                         
00000041  P1SEL2                        
0000002a  P2DIR                         
0000002d  P2IE                          
0000002c  P2IES                         
0000002b  P2IFG                         
00000028  P2IN                          
00000029  P2OUT                         
0000002f  P2REN                         
0000002e  P2SEL                         
00000042  P2SEL2                        
0000001a  P3DIR                         
00000018  P3IN                          
00000019  P3OUT                         
00000010  P3REN                         
0000001b  P3SEL                         
00000043  P3SEL2                        
00000172  TA0CCR0                       
00000174  TA0CCR1                       
00000176  TA0CCR2                       
00000162  TA0CCTL0                      
00000164  TA0CCTL1                      
00000166  TA0CCTL2                      
00000160  TA0CTL                        
0000012e  TA0IV                         
00000170  TA0R                          
00000192  TA1CCR0                       
00000194  TA1CCR1                       
00000196  TA1CCR2                       
00000182  TA1CCTL0                      
00000184  TA1CCTL1                      
00000186  TA1CCTL2                      
00000180  TA1CTL                        
0000011e  TA1IV                         
00000190  TA1R                          
0000c000  TI_CAPT_Custom                
0000cd62  TI_CAPT_Init_Baseline         
0000cd82  TI_CAPT_Raw                   
0000c40c  TI_CAPT_Slider                
0000cb20  TI_CAPT_Update_Baseline       
0000c5ca  TI_CAPT_Wheel                 
0000c788  TI_CTS_RO_PINOSC_TA0_WDTp_HAL 
000010db  TLV_ADC10_1_LEN               
000010da  TLV_ADC10_1_TAG               
000010c0  TLV_CHECKSUM                  
000010f7  TLV_DCO_30_LEN                
000010f6  TLV_DCO_30_TAG                
0000005d  UCA0ABCTL                     
00000062  UCA0BR0                       
00000063  UCA0BR1                       
00000060  UCA0CTL0                      
00000061  UCA0CTL1                      
0000005f  UCA0IRRCTL                    
0000005e  UCA0IRTCTL                    
00000064  UCA0MCTL                      
00000066  UCA0RXBUF                     
00000065  UCA0STAT                      
00000067  UCA0TXBUF                     
0000006a  UCB0BR0                       
0000006b  UCB0BR1                       
00000068  UCB0CTL0                      
00000069  UCB0CTL1                      
0000006c  UCB0I2CIE                     
00000118  UCB0I2COA                     
0000011a  UCB0I2CSA                     
0000006e  UCB0RXBUF                     
0000006d  UCB0STAT                      
0000006f  UCB0TXBUF                     
0000cc76  USCIAB0RX_ISR                 
0000cc44  USCIAB0TX_ISR                 
00000120  WDTCTL                        
00000400  __STACK_END                   
00000050  __STACK_SIZE                  
0000ced4  __TI_CINIT_Base               
0000cedc  __TI_CINIT_Limit              
0000ceca  __TI_Handler_Table_Base       
0000ced0  __TI_Handler_Table_Limit      
0000cd9e  __TI_ISR_TRAP                 
0000cbce  __TI_auto_init_nobinit_nopinit
0000caa4  __TI_decompress_lzss          
0000cd3e  __TI_decompress_none          
0000ffe0  __TI_int00                    
0000ffe4  __TI_int02                    
0000ffe6  __TI_int03                    
0000ffea  __TI_int05                    
0000ffec  __TI_int06                    
0000ffee  __TI_int07                    
0000fff0  __TI_int08                    
0000fff2  __TI_int09                    
0000fff4  __TI_int10                    
0000fff6  __TI_int11                    
0000fff8  __TI_int12                    
0000fffa  __TI_int13                    
0000fffc  __TI_int14                    
ffffffff  __TI_pprof_out_hndl           
ffffffff  __TI_prof_data_size           
ffffffff  __TI_prof_data_start          
0000cd16  __TI_zero_init_nomemset       
ffffffff  __c_args__                    
0000ccea  __mspabi_divu                 
0000cd7e  __mspabi_func_epilog_1        
0000cd7c  __mspabi_func_epilog_2        
0000cd7a  __mspabi_func_epilog_3        
0000cd78  __mspabi_func_epilog_4        
0000cd76  __mspabi_func_epilog_5        
0000cd74  __mspabi_func_epilog_6        
0000cd72  __mspabi_func_epilog_7        
0000cd2a  __mspabi_mpyi                 
0000cd2a  __mspabi_mpyi_sw              
0000ccea  __mspabi_remu                 
0000cca2  __mspabi_slli                 
0000ccca  __mspabi_slli_1               
0000ccb8  __mspabi_slli_10              
0000ccb6  __mspabi_slli_11              
0000ccb4  __mspabi_slli_12              
0000ccb2  __mspabi_slli_13              
0000ccb0  __mspabi_slli_14              
0000ccae  __mspabi_slli_15              
0000ccc8  __mspabi_slli_2               
0000ccc6  __mspabi_slli_3               
0000ccc4  __mspabi_slli_4               
0000ccc2  __mspabi_slli_5               
0000ccc0  __mspabi_slli_6               
0000ccbe  __mspabi_slli_7               
0000ccbc  __mspabi_slli_8               
0000ccba  __mspabi_slli_9               
0000cb82  __mspabi_srli                 
0000cbc8  __mspabi_srli_1               
0000cba4  __mspabi_srli_10              
0000cba0  __mspabi_srli_11              
0000cb9c  __mspabi_srli_12              
0000cb98  __mspabi_srli_13              
0000cb94  __mspabi_srli_14              
0000cb90  __mspabi_srli_15              
0000cbc4  __mspabi_srli_2               
0000cbc0  __mspabi_srli_3               
0000cbbc  __mspabi_srli_4               
0000cbb8  __mspabi_srli_5               
0000cbb4  __mspabi_srli_6               
0000cbb0  __mspabi_srli_7               
0000cbac  __mspabi_srli_8               
0000cba8  __mspabi_srli_9               
0000ccce  _c_int00_noargs               
0000fffe  _reset_vector                 
000003b0  _stack                        
0000cdb8  _system_post_cinit            
0000cdb4  _system_pre_init              
0000cdae  abort                         
00000306  baseCnt                       
0000cc10  config_i2c_slave              
00000304  ctsStatusReg                  
0000ce62  element_1                     
0000ce6c  element_2                     
0000ce76  element_3                     
0000ce80  element_4                     
0000ce8a  element_5                     
0000ce94  element_6                     
0000ce9e  element_7                     
0000cea8  element_8                     
0000ceb2  element_9                     
0000cdba  horisontal_slider             
00000200  i2c_regmap                    
00000300  i2c_regnum                    
0000c8b0  main                          
00000346  measCnt                       
0000cd50  memcpy                        
0000cde4  plane                         
00000366  plane_val                     
00000302  pos                           
0000cd90  set_i2c_reg                   
0000cd00  sleep                         
0000ce0e  vertical_slider               
0000cda6  watchdog_timer                
0000ce38  wheel                         


GLOBAL SYMBOLS: SORTED BY Symbol Address 

address   name                          
-------   ----                          
00000000  IE1                           
00000001  IE2                           
00000002  IFG1                          
00000003  IFG2                          
00000010  P3REN                         
00000018  P3IN                          
00000019  P3OUT                         
0000001a  P3DIR                         
0000001b  P3SEL                         
00000020  P1IN                          
00000021  P1OUT                         
00000022  P1DIR                         
00000023  P1IFG                         
00000024  P1IES                         
00000025  P1IE                          
00000026  P1SEL                         
00000027  P1REN                         
00000028  P2IN                          
00000029  P2OUT                         
0000002a  P2DIR                         
0000002b  P2IFG                         
0000002c  P2IES                         
0000002d  P2IE                          
0000002e  P2SEL                         
0000002f  P2REN                         
00000041  P1SEL2                        
00000042  P2SEL2                        
00000043  P3SEL2                        
00000048  ADC10DTC0                     
00000049  ADC10DTC1                     
0000004a  ADC10AE0                      
00000050  __STACK_SIZE                  
00000053  BCSCTL3                       
00000056  DCOCTL                        
00000057  BCSCTL1                       
00000058  BCSCTL2                       
00000059  CACTL1                        
0000005a  CACTL2                        
0000005b  CAPD                          
0000005d  UCA0ABCTL                     
0000005e  UCA0IRTCTL                    
0000005f  UCA0IRRCTL                    
00000060  UCA0CTL0                      
00000061  UCA0CTL1                      
00000062  UCA0BR0                       
00000063  UCA0BR1                       
00000064  UCA0MCTL                      
00000065  UCA0STAT                      
00000066  UCA0RXBUF                     
00000067  UCA0TXBUF                     
00000068  UCB0CTL0                      
00000069  UCB0CTL1                      
0000006a  UCB0BR0                       
0000006b  UCB0BR1                       
0000006c  UCB0I2CIE                     
0000006d  UCB0STAT                      
0000006e  UCB0RXBUF                     
0000006f  UCB0TXBUF                     
00000118  UCB0I2COA                     
0000011a  UCB0I2CSA                     
0000011e  TA1IV                         
00000120  WDTCTL                        
00000128  FCTL1                         
0000012a  FCTL2                         
0000012c  FCTL3                         
0000012e  TA0IV                         
00000160  TA0CTL                        
00000162  TA0CCTL0                      
00000164  TA0CCTL1                      
00000166  TA0CCTL2                      
00000170  TA0R                          
00000172  TA0CCR0                       
00000174  TA0CCR1                       
00000176  TA0CCR2                       
00000180  TA1CTL                        
00000182  TA1CCTL0                      
00000184  TA1CCTL1                      
00000186  TA1CCTL2                      
00000190  TA1R                          
00000192  TA1CCR0                       
00000194  TA1CCR1                       
00000196  TA1CCR2                       
000001b0  ADC10CTL0                     
000001b2  ADC10CTL1                     
000001b4  ADC10MEM                      
000001bc  ADC10SA                       
00000200  i2c_regmap                    
00000300  i2c_regnum                    
00000302  pos                           
00000304  ctsStatusReg                  
00000306  baseCnt                       
00000346  measCnt                       
00000366  plane_val                     
000003b0  _stack                        
00000400  __STACK_END                   
000010c0  TLV_CHECKSUM                  
000010da  TLV_ADC10_1_TAG               
000010db  TLV_ADC10_1_LEN               
000010f6  TLV_DCO_30_TAG                
000010f7  TLV_DCO_30_LEN                
000010f8  CALDCO_16MHZ                  
000010f9  CALBC1_16MHZ                  
000010fa  CALDCO_12MHZ                  
000010fb  CALBC1_12MHZ                  
000010fc  CALDCO_8MHZ                   
000010fd  CALBC1_8MHZ                   
000010fe  CALDCO_1MHZ                   
000010ff  CALBC1_1MHZ                   
0000c000  TI_CAPT_Custom                
0000c40c  TI_CAPT_Slider                
0000c5ca  TI_CAPT_Wheel                 
0000c788  TI_CTS_RO_PINOSC_TA0_WDTp_HAL 
0000c8b0  main                          
0000c9d4  Dominant_Element              
0000caa4  __TI_decompress_lzss          
0000cb20  TI_CAPT_Update_Baseline       
0000cb82  __mspabi_srli                 
0000cb90  __mspabi_srli_15              
0000cb94  __mspabi_srli_14              
0000cb98  __mspabi_srli_13              
0000cb9c  __mspabi_srli_12              
0000cba0  __mspabi_srli_11              
0000cba4  __mspabi_srli_10              
0000cba8  __mspabi_srli_9               
0000cbac  __mspabi_srli_8               
0000cbb0  __mspabi_srli_7               
0000cbb4  __mspabi_srli_6               
0000cbb8  __mspabi_srli_5               
0000cbbc  __mspabi_srli_4               
0000cbc0  __mspabi_srli_3               
0000cbc4  __mspabi_srli_2               
0000cbc8  __mspabi_srli_1               
0000cbce  __TI_auto_init_nobinit_nopinit
0000cc10  config_i2c_slave              
0000cc44  USCIAB0TX_ISR                 
0000cc76  USCIAB0RX_ISR                 
0000cca2  __mspabi_slli                 
0000ccae  __mspabi_slli_15              
0000ccb0  __mspabi_slli_14              
0000ccb2  __mspabi_slli_13              
0000ccb4  __mspabi_slli_12              
0000ccb6  __mspabi_slli_11              
0000ccb8  __mspabi_slli_10              
0000ccba  __mspabi_slli_9               
0000ccbc  __mspabi_slli_8               
0000ccbe  __mspabi_slli_7               
0000ccc0  __mspabi_slli_6               
0000ccc2  __mspabi_slli_5               
0000ccc4  __mspabi_slli_4               
0000ccc6  __mspabi_slli_3               
0000ccc8  __mspabi_slli_2               
0000ccca  __mspabi_slli_1               
0000ccce  _c_int00_noargs               
0000ccea  __mspabi_divu                 
0000ccea  __mspabi_remu                 
0000cd00  sleep                         
0000cd16  __TI_zero_init_nomemset       
0000cd2a  __mspabi_mpyi                 
0000cd2a  __mspabi_mpyi_sw              
0000cd3e  __TI_decompress_none          
0000cd50  memcpy                        
0000cd62  TI_CAPT_Init_Baseline         
0000cd72  __mspabi_func_epilog_7        
0000cd74  __mspabi_func_epilog_6        
0000cd76  __mspabi_func_epilog_5        
0000cd78  __mspabi_func_epilog_4        
0000cd7a  __mspabi_func_epilog_3        
0000cd7c  __mspabi_func_epilog_2        
0000cd7e  __mspabi_func_epilog_1        
0000cd82  TI_CAPT_Raw                   
0000cd90  set_i2c_reg                   
0000cd9e  __TI_ISR_TRAP                 
0000cda6  watchdog_timer                
0000cdae  C$$EXIT                       
0000cdae  abort                         
0000cdb4  _system_pre_init              
0000cdb8  _system_post_cinit            
0000cdba  horisontal_slider             
0000cde4  plane                         
0000ce0e  vertical_slider               
0000ce38  wheel                         
0000ce62  element_1                     
0000ce6c  element_2                     
0000ce76  element_3                     
0000ce80  element_4                     
0000ce8a  element_5                     
0000ce94  element_6                     
0000ce9e  element_7                     
0000cea8  element_8                     
0000ceb2  element_9                     
0000ceca  __TI_Handler_Table_Base       
0000ced0  __TI_Handler_Table_Limit      
0000ced4  __TI_CINIT_Base               
0000cedc  __TI_CINIT_Limit              
0000ffe0  __TI_int00                    
0000ffe4  __TI_int02                    
0000ffe6  __TI_int03                    
0000ffea  __TI_int05                    
0000ffec  __TI_int06                    
0000ffee  __TI_int07                    
0000fff0  __TI_int08                    
0000fff2  __TI_int09                    
0000fff4  __TI_int10                    
0000fff6  __TI_int11                    
0000fff8  __TI_int12                    
0000fffa  __TI_int13                    
0000fffc  __TI_int14                    
0000fffe  _reset_vector                 
ffffffff  __TI_pprof_out_hndl           
ffffffff  __TI_prof_data_size           
ffffffff  __TI_prof_data_start          
ffffffff  __c_args__                    

[212 symbols]
